// line 1
$cacheService = Craft::$app->getTemplateCaches();
$request = Craft::$app->getRequest();
$ignoreCache5 = ($request->getIsLivePreview() || $request->getToken());
if (!$ignoreCache5) {
    $cacheKey5 = "RANDOM_STRING";
    $cacheBody5 = $cacheService->getTemplateCache($cacheKey5, false, true);
} else {
    $cacheBody5 = null;
}
if ($cacheBody5 === null) {
    if (!$ignoreCache5) {
        $cacheService->startTemplateCache(true, false);
    }
    ob_start();
    yield "cached content";
    $cacheBody5 = ob_get_clean();
    if (!$ignoreCache5) {
        $cacheService->endTemplateCache($cacheKey5, false, null, ($context["expiresAt"] ?? null), $cacheBody5, true);
    }
}
yield $cacheBody5;