// line 1
$cacheService = app(CraftCms\Cms\View\TemplateCaches::class);
$request = request();
$ignoreCache__v0 = ($request->isPreview() || $request->getToken());
if (!$ignoreCache__v0) {
    $cacheKey__v0 = "RANDOM_STRING";
    $cacheBody__v0 = $cacheService->getTemplateCache($cacheKey__v0, false, true);
} else {
    $cacheBody__v0 = null;
}
if ($cacheBody__v0 === null) {
    if (!$ignoreCache__v0) {
        $cacheService->startTemplateCache(true, false);
    }
    ob_start();
    yield "cached content";
    $cacheBody__v0 = ob_get_clean();
    if (!$ignoreCache__v0) {
        $cacheService->endTemplateCache($cacheKey__v0, false, null, ($context["expiresAt"] ?? null), $cacheBody__v0, true);
    }
}
yield $cacheBody__v0;